// Vitest Snapshot v1, https://vitest.dev/guide/snapshot.html

exports[`Accordion test > FiltersSB renders ok 1`] = `
<FiltersSB
  filters={[]}
  type=""
/>
`;
