// Vitest Snapshot v1, https://vitest.dev/guide/snapshot.html

exports[`Accordion test > FilterSideBar renders ok 1`] = `<FilterSideBar />`;
